// Jest Snapshot v1, https://goo.gl/fbAQLP

exports[`The display of element Should not regress 1`] = `null`;
